[w8.snokido.com/games/html5/friday-night-funkin/0300/index.html]
[backblue.gif]
[fade.gif]
[index.html]
[w8.snokido.com/games/html5/friday-night-funkin/0300/favicon.png]
[w8.snokido.com/games/html5/friday-night-funkin/0300/assets/fonts/5by7d41d.eot]
[w8.snokido.com/games/html5/friday-night-funkin/0300/assets/fonts/5by7.woff]
[w8.snokido.com/games/html5/friday-night-funkin/0300/Funkin.js]
[w8.snokido.com/games/html5/friday-night-funkin/0300/assets/fonts/5by7.ttf]
[w8.snokido.com/games/html5/friday-night-funkin/0300/assets/fonts/5by7.svg]
[w8.snokido.com/games/html5/friday-night-funkin/0300/assets/fonts/5by7_bd41d.eot]
[w8.snokido.com/games/html5/friday-night-funkin/0300/assets/fonts/5by7_b.woff]
[w8.snokido.com/games/html5/friday-night-funkin/0300/assets/fonts/5by7_b.ttf]
[w8.snokido.com/games/html5/friday-night-funkin/0300/assets/fonts/5by7_b.svg]
[w8.snokido.com/games/html5/friday-night-funkin/0300/assets/fonts/DS-DIGId41d.eot]
[w8.snokido.com/games/html5/friday-night-funkin/0300/assets/fonts/DS-DIGI.TTF]
[w8.snokido.com/games/html5/friday-night-funkin/0300/assets/fonts/DS-DIGIBd41d.eot]
[w8.snokido.com/games/html5/friday-night-funkin/0300/assets/fonts/DS-DIGIB.TTF]
[w8.snokido.com/games/html5/friday-night-funkin/0300/assets/fonts/DS-DIGIId41d.eot]
[w8.snokido.com/games/html5/friday-night-funkin/0300/assets/fonts/DS-DIGII.TTF]
[w8.snokido.com/games/html5/friday-night-funkin/0300/assets/fonts/DS-DIGITd41d.eot]
[w8.snokido.com/games/html5/friday-night-funkin/0300/assets/fonts/DS-DIGIT.TTF]
[w8.snokido.com/games/html5/friday-night-funkin/0300/assets/fonts/Inconsolata-Blackd41d.eot]
[w8.snokido.com/games/html5/friday-night-funkin/0300/assets/fonts/Inconsolata-Black.woff]
[w8.snokido.com/games/html5/friday-night-funkin/0300/assets/fonts/Inconsolata-Black.ttf]
[w8.snokido.com/games/html5/friday-night-funkin/0300/assets/fonts/Inconsolata-Black.svg]
[w8.snokido.com/games/html5/friday-night-funkin/0300/assets/fonts/Inconsolata-Boldd41d.eot]
[w8.snokido.com/games/html5/friday-night-funkin/0300/assets/fonts/Inconsolata-Bold.woff]
[w8.snokido.com/games/html5/friday-night-funkin/0300/assets/fonts/Inconsolata-Bold.ttf]
[w8.snokido.com/games/html5/friday-night-funkin/0300/assets/fonts/Inconsolata-Bold.svg]
[w8.snokido.com/games/html5/friday-night-funkin/0300/assets/fonts/Inconsolata-ExtraBoldd41d.eot]
[w8.snokido.com/games/html5/friday-night-funkin/0300/assets/fonts/Inconsolata-ExtraBold.woff]
[w8.snokido.com/games/html5/friday-night-funkin/0300/assets/fonts/Inconsolata-ExtraBold.ttf]
[w8.snokido.com/games/html5/friday-night-funkin/0300/assets/fonts/Inconsolata-ExtraBold.svg]
[w8.snokido.com/games/html5/friday-night-funkin/0300/assets/fonts/Inconsolata-ExtraLightd41d.eot]
[w8.snokido.com/games/html5/friday-night-funkin/0300/assets/fonts/Inconsolata-ExtraLight.woff]
[w8.snokido.com/games/html5/friday-night-funkin/0300/assets/fonts/Inconsolata-ExtraLight.ttf]
[w8.snokido.com/games/html5/friday-night-funkin/0300/assets/fonts/Inconsolata-ExtraLight.svg]
[w8.snokido.com/games/html5/friday-night-funkin/0300/assets/fonts/Inconsolata-Mediumd41d.eot]
[w8.snokido.com/games/html5/friday-night-funkin/0300/assets/fonts/Inconsolata-Medium.woff]
[w8.snokido.com/games/html5/friday-night-funkin/0300/assets/fonts/Inconsolata-Medium.ttf]
[w8.snokido.com/games/html5/friday-night-funkin/0300/assets/fonts/Inconsolata-Medium.svg]
[w8.snokido.com/games/html5/friday-night-funkin/0300/assets/fonts/Inconsolata-Regulard41d.eot]
[w8.snokido.com/games/html5/friday-night-funkin/0300/assets/fonts/Inconsolata-Regular.woff]
[w8.snokido.com/games/html5/friday-night-funkin/0300/assets/fonts/Inconsolata-Regular.ttf]
[w8.snokido.com/games/html5/friday-night-funkin/0300/assets/fonts/Inconsolata-Regular.svg]
[w8.snokido.com/games/html5/friday-night-funkin/0300/assets/fonts/Inconsolata-SemiBoldd41d.eot]
[w8.snokido.com/games/html5/friday-night-funkin/0300/assets/fonts/Inconsolata-SemiBold.woff]
[w8.snokido.com/games/html5/friday-night-funkin/0300/assets/fonts/Inconsolata-SemiBold.ttf]
[w8.snokido.com/games/html5/friday-night-funkin/0300/assets/fonts/Inconsolata-SemiBold.svg]
[w8.snokido.com/games/html5/friday-night-funkin/0300/assets/fonts/pixeld41d.eot]
[w8.snokido.com/games/html5/friday-night-funkin/0300/assets/fonts/pixel.woff]
[w8.snokido.com/games/html5/friday-night-funkin/0300/assets/fonts/pixel.otf]
[w8.snokido.com/games/html5/friday-night-funkin/0300/assets/fonts/Quantico-Boldd41d.eot]
[w8.snokido.com/games/html5/friday-night-funkin/0300/assets/fonts/Quantico-Bold.woff]
[w8.snokido.com/games/html5/friday-night-funkin/0300/assets/fonts/Quantico-Bold.ttf]
[w8.snokido.com/games/html5/friday-night-funkin/0300/assets/fonts/Quantico-Bold.svg]
[w8.snokido.com/games/html5/friday-night-funkin/0300/assets/fonts/Quantico-BoldItalicd41d.eot]
[w8.snokido.com/games/html5/friday-night-funkin/0300/assets/fonts/Quantico-BoldItalic.woff]
[w8.snokido.com/games/html5/friday-night-funkin/0300/assets/fonts/Quantico-BoldItalic.ttf]
[w8.snokido.com/games/html5/friday-night-funkin/0300/assets/fonts/Quantico-BoldItalic.svg]
[w8.snokido.com/games/html5/friday-night-funkin/0300/assets/fonts/Quantico-Italicd41d.eot]
[w8.snokido.com/games/html5/friday-night-funkin/0300/assets/fonts/Quantico-Italic.woff]
[w8.snokido.com/games/html5/friday-night-funkin/0300/assets/fonts/Quantico-Italic.ttf]
[w8.snokido.com/games/html5/friday-night-funkin/0300/assets/fonts/Quantico-Italic.svg]
[w8.snokido.com/games/html5/friday-night-funkin/0300/assets/fonts/Quantico-Regulard41d.eot]
[w8.snokido.com/games/html5/friday-night-funkin/0300/assets/fonts/Quantico-Regular.woff]
[w8.snokido.com/games/html5/friday-night-funkin/0300/assets/fonts/Quantico-Regular.ttf]
[w8.snokido.com/games/html5/friday-night-funkin/0300/assets/fonts/Quantico-Regular.svg]
[w8.snokido.com/games/html5/friday-night-funkin/0300/assets/fonts/vcrd41d.eot]
[w8.snokido.com/games/html5/friday-night-funkin/0300/assets/fonts/vcr.woff]
[w8.snokido.com/games/html5/friday-night-funkin/0300/assets/fonts/vcr.ttf]
[w8.snokido.com/games/html5/friday-night-funkin/0300/assets/fonts/vcr.svg]
[w8.snokido.com/games/html5/friday-night-funkin/0300/flixel/fonts/nokiafc22d41d.eot]
[w8.snokido.com/games/html5/friday-night-funkin/0300/flixel/fonts/nokiafc22.woff]
[w8.snokido.com/games/html5/friday-night-funkin/0300/flixel/fonts/nokiafc22.ttf]
[w8.snokido.com/games/html5/friday-night-funkin/0300/flixel/fonts/nokiafc22.svg]
[w8.snokido.com/games/html5/friday-night-funkin/0300/flixel/fonts/monsterratd41d.eot]
[w8.snokido.com/games/html5/friday-night-funkin/0300/flixel/fonts/monsterrat.woff]
[w8.snokido.com/games/html5/friday-night-funkin/0300/flixel/fonts/monsterrat.ttf]
[w8.snokido.com/games/html5/friday-night-funkin/0300/flixel/fonts/monsterrat.svg]
[w8.snokido.com/games/html5/friday-night-funkin/0300/friday-night-funkin]
[w8.snokido.com/games/html5/friday-night-funkin/0300/index.html]
[w8.snokido.com/games/html5/friday-night-funkin/0300/assets/fonts/5by7d41d.html]
[w8.snokido.com/games/html5/friday-night-funkin/0300/assets/fonts/5by7.html]
[w8.snokido.com/games/html5/friday-night-funkin/0300/assets/fonts/5by7_bd41d.html]
[w8.snokido.com/games/html5/friday-night-funkin/0300/assets/fonts/5by7_b.html]
[w8.snokido.com/games/html5/friday-night-funkin/0300/assets/fonts/DS-DIGId41d.html]
[w8.snokido.com/games/html5/friday-night-funkin/0300/assets/fonts/DS-DIGIBd41d.html]
[w8.snokido.com/games/html5/friday-night-funkin/0300/assets/fonts/DS-DIGIId41d.html]
[w8.snokido.com/games/html5/friday-night-funkin/0300/assets/fonts/DS-DIGITd41d.html]
[w8.snokido.com/games/html5/friday-night-funkin/0300/assets/fonts/Inconsolata-Blackd41d.html]
[w8.snokido.com/games/html5/friday-night-funkin/0300/assets/fonts/Inconsolata-Black.html]
[w8.snokido.com/games/html5/friday-night-funkin/0300/assets/fonts/Inconsolata-Boldd41d.html]
[w8.snokido.com/games/html5/friday-night-funkin/0300/assets/fonts/Inconsolata-Bold.html]
[w8.snokido.com/games/html5/friday-night-funkin/0300/assets/fonts/Inconsolata-ExtraBoldd41d.html]
[w8.snokido.com/games/html5/friday-night-funkin/0300/assets/fonts/Inconsolata-ExtraBold.html]
[w8.snokido.com/games/html5/friday-night-funkin/0300/assets/fonts/Inconsolata-ExtraLightd41d.html]
[w8.snokido.com/games/html5/friday-night-funkin/0300/assets/fonts/Inconsolata-ExtraLight.html]
[w8.snokido.com/games/html5/friday-night-funkin/0300/assets/fonts/Inconsolata-Mediumd41d.html]
[w8.snokido.com/games/html5/friday-night-funkin/0300/assets/fonts/Inconsolata-Medium.html]
[w8.snokido.com/games/html5/friday-night-funkin/0300/assets/fonts/Inconsolata-Regulard41d.html]
[w8.snokido.com/games/html5/friday-night-funkin/0300/assets/fonts/Inconsolata-Regular.html]
[w8.snokido.com/games/html5/friday-night-funkin/0300/assets/fonts/Inconsolata-SemiBoldd41d.html]
[w8.snokido.com/games/html5/friday-night-funkin/0300/assets/fonts/Inconsolata-SemiBold.html]
[w8.snokido.com/games/html5/friday-night-funkin/0300/assets/fonts/pixeld41d.html]
[w8.snokido.com/games/html5/friday-night-funkin/0300/assets/fonts/Quantico-Boldd41d.html]
[w8.snokido.com/games/html5/friday-night-funkin/0300/assets/fonts/Quantico-Bold.html]
[w8.snokido.com/games/html5/friday-night-funkin/0300/assets/fonts/Quantico-BoldItalicd41d.html]
[w8.snokido.com/games/html5/friday-night-funkin/0300/assets/fonts/Quantico-BoldItalic.html]
[w8.snokido.com/games/html5/friday-night-funkin/0300/assets/fonts/Quantico-Italicd41d.html]
[w8.snokido.com/games/html5/friday-night-funkin/0300/assets/fonts/Quantico-Italic.html]
[w8.snokido.com/games/html5/friday-night-funkin/0300/assets/fonts/Quantico-Regulard41d.html]
[w8.snokido.com/games/html5/friday-night-funkin/0300/assets/fonts/Quantico-Regular.html]
[w8.snokido.com/games/html5/friday-night-funkin/0300/assets/fonts/vcrd41d.html]
[w8.snokido.com/games/html5/friday-night-funkin/0300/assets/fonts/vcr.html]
[w8.snokido.com/games/html5/friday-night-funkin/0300/flixel/fonts/nokiafc22d41d.html]
[w8.snokido.com/games/html5/friday-night-funkin/0300/flixel/fonts/nokiafc22.html]
[w8.snokido.com/games/html5/friday-night-funkin/0300/flixel/fonts/monsterratd41d.html]
[w8.snokido.com/games/html5/friday-night-funkin/0300/flixel/fonts/monsterrat.html]
[w8.snokido.com/games/html5/friday-night-funkin/0300/friday-night-funkin.html]
[w8.snokido.com/games/html5/friday-night-funkin/sk.min.js]
